// Jest Snapshot v1, https://goo.gl/fbAQLP

exports[`should render ExpenseList with empty expenses 1`] = `
<div>
  <p>
    No Products
  </p>
</div>
`;

exports[`should render ExpenseList with expenses 1`] = `
<div>
  <ExpenseListItem
    amount={195}
    createdAt={0}
    description="Gum"
    id="123"
    key="123"
    note=""
  />
  <ExpenseListItem
    amount={109500}
    createdAt={-345600000}
    description="Gum"
    id="1234"
    key="1234"
    note=""
  />
  <ExpenseListItem
    amount={195}
    createdAt={345600000}
    description="Gum"
    id="4123"
    key="4123"
    note=""
  />
</div>
`;
